// Jest Snapshot v1, https://goo.gl/fbAQLP

exports[`ForecastSummary renders correctly 1`] = `
<DocumentFragment>
  <span
    class="forecast-summary"
  >
    <div
      class="date"
      data-testid="date-id"
    >
      Thu 3rd May
    </div>
    <div
      class="temperature"
      data-testid="temperature-id"
    >
      20
    </div>
    <div
      class="description"
      data-testid="description-id"
    >
      Tornado
    </div>
    <div
      class="icon"
      data-testid="icon-id"
    >
      <i
        class="wi wi-tornado wi-flip-horizontal wi-rotate-90"
        data-testid="testIcon"
        name="owm"
      />
    </div>
  </span>
</DocumentFragment>
`;
