// Jest Snapshot v1, https://goo.gl/fbAQLP

exports[`ForecastSummaries renders the correct amount of ForecastSummary components 1`] = `
<DocumentFragment>
  <div
    class="forecast-summaries"
  >
    <span
      class="forecast-summary"
    >
      <div
        class="date"
        data-testid="date-id"
      >
        123
      </div>
      <div
        class="temperature"
        data-testid="temperature-id"
      >
        999
      </div>
      <div
        class="description"
        data-testid="description-id"
      >
        date1
      </div>
      <div
        class="icon"
        data-testid="icon-id"
      >
        icon1
      </div>
    </span>
    <span
      class="forecast-summary"
    >
      <div
        class="date"
        data-testid="date-id"
      >
        456
      </div>
      <div
        class="temperature"
        data-testid="temperature-id"
      >
        777
      </div>
      <div
        class="description"
        data-testid="description-id"
      >
        date2
      </div>
      <div
        class="icon"
        data-testid="icon-id"
      >
        icon2
      </div>
    </span>
  </div>
</DocumentFragment>
`;
